   location_id             variable  friedman_Q  kendall_W  rotation_p  peak_month  trough_month  peak_minus_trough   p_holm
 lk_batticaloa       temperature_2m   59.794872   0.905983    0.000004           6             1           4.475001 0.000169
 lk_batticaloa        precipitation   40.692308   0.616550    0.000056          11             6          11.686111 0.000956
 lk_batticaloa       wind_speed_10m   26.461538   0.400932    0.008074           7             4           1.444768 0.008074
 lk_batticaloa relative_humidity_2m   55.666667   0.843434    0.000032          11             7          22.139382 0.000643
 lk_batticaloa     surface_pressure   59.128205   0.895882    0.000004           2             7           5.018483 0.000169
 lk_batticaloa          cloud_cover   37.410256   0.566822    0.000362           7             4          26.407527 0.002532
 lk_batticaloa  shortwave_radiation   50.666667   0.767677    0.000008           4            12          90.201650 0.000233
    lk_colombo       temperature_2m   51.025641   0.773116    0.000141           3            11           1.905739 0.001688
    lk_colombo        precipitation   40.410256   0.612277    0.000020          11             2          13.797883 0.000462
    lk_colombo       wind_speed_10m   49.641026   0.752137    0.000012           6             3           1.312544 0.000313
    lk_colombo relative_humidity_2m   47.717949   0.722999    0.000020          10             2          15.751368 0.000462
    lk_colombo     surface_pressure   43.410256   0.657731    0.000382           2             5           2.358774 0.002532
    lk_colombo          cloud_cover   44.641026   0.676379    0.000088           9             2          33.001935 0.001350
    lk_colombo  shortwave_radiation   45.692308   0.692308    0.000004           2            11          79.263072 0.000169
      lk_galle       temperature_2m   50.333333   0.762626    0.000559           4             1           1.348702 0.002532
      lk_galle        precipitation   35.794872   0.542347    0.000044          11             2           9.305698 0.000796
      lk_galle       wind_speed_10m   56.538462   0.856643    0.000004           7             1           2.827366 0.000169
      lk_galle relative_humidity_2m   31.000000   0.469697    0.001821           5             2           6.574511 0.003641
      lk_galle     surface_pressure   40.410256   0.612277    0.000305           2             5           2.246274 0.002443
      lk_galle          cloud_cover   41.666667   0.631313    0.000096           7             3          25.691532 0.001350
      lk_galle  shortwave_radiation   44.615385   0.675991    0.000004           3            11          67.130100 0.000169
     lk_jaffna       temperature_2m   61.435897   0.930847    0.000004           5             1           3.476366 0.000169
     lk_jaffna        precipitation   37.153846   0.562937    0.000040          11             3          14.987007 0.000764
     lk_jaffna       wind_speed_10m   55.384615   0.839161    0.000004           6             4           3.435410 0.000169
     lk_jaffna relative_humidity_2m   46.666667   0.707071    0.000004          11             2           9.905924 0.000169
     lk_jaffna     surface_pressure   61.153846   0.926573    0.000004           2             7           5.997876 0.000169
     lk_jaffna          cloud_cover   50.025641   0.757964    0.000016           7             3          40.071685 0.000386
     lk_jaffna  shortwave_radiation   53.282051   0.807304    0.000004           3            11         114.070139 0.000169
     lk_matara       temperature_2m   49.179487   0.745144    0.000438           4            11           1.300093 0.002532
     lk_matara        precipitation   33.205128   0.503108    0.000217          11             2           8.173682 0.001953
     lk_matara       wind_speed_10m   51.564103   0.781274    0.000020           7             1           3.292511 0.000462
     lk_matara relative_humidity_2m   35.871795   0.543512    0.000530           5             2           9.727081 0.002532
     lk_matara     surface_pressure   43.512821   0.659285    0.000169           2             5           2.380249 0.001857
     lk_matara          cloud_cover   41.794872   0.633256    0.000121           7             3          26.184812 0.001567
     lk_matara  shortwave_radiation   44.564103   0.675214    0.000004           2            11          64.386126 0.000169
lk_trincomalee       temperature_2m   58.410256   0.885004    0.000008           6             1           3.693872 0.000233
lk_trincomalee        precipitation   41.102564   0.622766    0.000084          11             6          14.566667 0.001350
lk_trincomalee       wind_speed_10m   52.871795   0.801088    0.000004           6             4           3.105442 0.000169
lk_trincomalee relative_humidity_2m   51.615385   0.782051    0.000012          11             7          15.889247 0.000313
lk_trincomalee     surface_pressure   59.666667   0.904040    0.000008           2             7           5.342008 0.000233
lk_trincomalee          cloud_cover   41.589744   0.630148    0.000169           7             4          32.106340 0.001857
lk_trincomalee  shortwave_radiation   53.205128   0.806138    0.000004           4            11          98.114583 0.000169
                      significant_sites     min_W     max_W     max_p
variable                                                             
cloud_cover                           6  0.566822  0.757964  0.002532
precipitation                         6  0.503108  0.622766  0.001953
relative_humidity_2m                  6  0.469697  0.843434  0.003641
shortwave_radiation                   6  0.675214  0.807304  0.000233
surface_pressure                      6  0.612277  0.926573  0.002532
temperature_2m                        6  0.745144  0.930847  0.002532
wind_speed_10m                        6  0.400932  0.856643  0.008074
