Reading committed snapshot 1901 88f9c909b05c7590789d6373a6bf90066ae3ff39fd7762b53575c1885581a078

==========================================================================================
Regional, model 1
Formula: temperature_2m ~ elevation_m
==========================================================================================
                            OLS Regression Results                            
==============================================================================
Dep. Variable:         temperature_2m   R-squared:                       0.821
Model:                            OLS   Adj. R-squared:                  0.821
Method:                 Least Squares   F-statistic:                     2099.
Date:                Wed, 16 Sep 2026   Prob (F-statistic):           1.87e-68
Time:                        11:36:48   Log-Likelihood:            -6.7912e+05
No. Observations:              285600   AIC:                         1.358e+06
Df Residuals:                  285598   BIC:                         1.358e+06
Df Model:                           1                                         
Covariance Type:              cluster                                         
===============================================================================
                  coef    std err          z      P>|z|      [0.025      0.975]
-------------------------------------------------------------------------------
Intercept      28.0232      0.170    164.717      0.000      27.690      28.357
elevation_m    -0.0052      0.000    -45.810      0.000      -0.005      -0.005
==============================================================================
Omnibus:                    14969.075   Durbin-Watson:                   0.078
Prob(Omnibus):                  0.000   Jarque-Bera (JB):            18650.942
Skew:                           0.536   Prob(JB):                         0.00
Kurtosis:                       3.647   Cond. No.                     2.03e+03
==============================================================================

Notes:
[1] Standard Errors are robust to cluster correlation (CRV1)
[2] The condition number is large, 2.03e+03. This might indicate that there are
strong multicollinearity or other numerical problems.

==========================================================================================
Regional, model 2
Formula: temperature_2m ~ elevation_m + latitude + longitude
==========================================================================================
                            OLS Regression Results                            
==============================================================================
Dep. Variable:         temperature_2m   R-squared:                       0.824
Model:                            OLS   Adj. R-squared:                  0.824
Method:                 Least Squares   F-statistic:                     896.3
Date:                Wed, 16 Sep 2026   Prob (F-statistic):           1.37e-71
Time:                        11:36:49   Log-Likelihood:            -6.7710e+05
No. Observations:              285600   AIC:                         1.354e+06
Df Residuals:                  285596   BIC:                         1.354e+06
Df Model:                           3                                         
Covariance Type:              cluster                                         
===============================================================================
                  coef    std err          z      P>|z|      [0.025      0.975]
-------------------------------------------------------------------------------
Intercept      28.7226      1.073     26.766      0.000      26.619      30.826
elevation_m    -0.0053      0.000    -49.173      0.000      -0.005      -0.005
latitude        0.0412      0.011      3.604      0.000       0.019       0.064
longitude      -0.0135      0.011     -1.177      0.239      -0.036       0.009
==============================================================================
Omnibus:                    14448.044   Durbin-Watson:                   0.079
Prob(Omnibus):                  0.000   Jarque-Bera (JB):            18881.835
Skew:                           0.502   Prob(JB):                         0.00
Kurtosis:                       3.761   Cond. No.                     1.41e+04
==============================================================================

Notes:
[1] Standard Errors are robust to cluster correlation (CRV1)
[2] The condition number is large, 1.41e+04. This might indicate that there are
strong multicollinearity or other numerical problems.

==========================================================================================
Regional, model 3
Formula: temperature_2m ~ elevation_m + latitude + longitude + C(month)
==========================================================================================
                            OLS Regression Results                            
==============================================================================
Dep. Variable:         temperature_2m   R-squared:                       0.824
Model:                            OLS   Adj. R-squared:                  0.824
Method:                 Least Squares   F-statistic:                     525.8
Date:                Wed, 16 Sep 2026   Prob (F-statistic):           1.02e-72
Time:                        11:36:50   Log-Likelihood:            -6.7650e+05
No. Observations:              285600   AIC:                         1.353e+06
Df Residuals:                  285593   BIC:                         1.353e+06
Df Model:                           6                                         
Covariance Type:              cluster                                         
=================================================================================
                    coef    std err          z      P>|z|      [0.025      0.975]
---------------------------------------------------------------------------------
Intercept        28.4258      1.065     26.690      0.000      26.338      30.513
C(month)[T.6]     0.3791      0.146      2.598      0.009       0.093       0.665
C(month)[T.7]     0.4516      0.202      2.239      0.025       0.056       0.847
C(month)[T.8]     0.3205      0.201      1.596      0.110      -0.073       0.714
elevation_m      -0.0053      0.000    -49.173      0.000      -0.005      -0.005
latitude          0.0412      0.011      3.604      0.000       0.019       0.064
longitude        -0.0135      0.011     -1.177      0.239      -0.036       0.009
==============================================================================
Omnibus:                    15272.917   Durbin-Watson:                   0.079
Prob(Omnibus):                  0.000   Jarque-Bera (JB):            19458.490
Skew:                           0.533   Prob(JB):                         0.00
Kurtosis:                       3.706   Cond. No.                     1.44e+04
==============================================================================

Notes:
[1] Standard Errors are robust to cluster correlation (CRV1)
[2] The condition number is large, 1.44e+04. This might indicate that there are
strong multicollinearity or other numerical problems.

==========================================================================================
Regional, model 4
Formula: temperature_2m ~ elevation_m + latitude + longitude + C(month) + C(country)
==========================================================================================
                            OLS Regression Results                            
==============================================================================
Dep. Variable:         temperature_2m   R-squared:                       0.828
Model:                            OLS   Adj. R-squared:                  0.828
Method:                 Least Squares   F-statistic:                     642.4
Date:                Wed, 16 Sep 2026   Prob (F-statistic):           5.02e-94
Time:                        11:36:52   Log-Likelihood:            -6.7354e+05
No. Observations:              285600   AIC:                         1.347e+06
Df Residuals:                  285581   BIC:                         1.347e+06
Df Model:                          18                                         
Covariance Type:              cluster                                         
====================================================================================
                       coef    std err          z      P>|z|      [0.025      0.975]
------------------------------------------------------------------------------------
Intercept           23.4594      3.623      6.474      0.000      16.358      30.561
C(month)[T.6]        0.3791      0.146      2.598      0.009       0.093       0.665
C(month)[T.7]        0.4516      0.202      2.239      0.025       0.056       0.847
C(month)[T.8]        0.3205      0.201      1.596      0.110      -0.073       0.714
C(country)[T.BT]     1.3764      0.620      2.221      0.026       0.162       2.591
C(country)[T.ID]    -1.1935      1.048     -1.139      0.255      -3.247       0.860
C(country)[T.IN]     1.0498      0.563      1.864      0.062      -0.054       2.154
C(country)[T.KH]    -0.5143      1.139     -0.452      0.652      -2.746       1.718
C(country)[T.LA]     0.1258      0.726      0.173      0.862      -1.297       1.548
C(country)[T.LK]     0.8224      0.580      1.417      0.156      -0.315       1.960
C(country)[T.MM]     0.1003      0.432      0.232      0.817      -0.747       0.948
C(country)[T.MY]    -0.6894      1.207     -0.571      0.568      -3.054       1.675
C(country)[T.NP]     2.0190      0.592      3.412      0.001       0.859       3.179
C(country)[T.SG]    -0.6182      1.322     -0.467      0.640      -3.210       1.974
C(country)[T.TH]     0.0063      0.693      0.009      0.993      -1.351       1.364
C(country)[T.VN]     0.6082      0.845      0.720      0.471      -1.047       2.263
elevation_m         -0.0053      0.000    -45.664      0.000      -0.006      -0.005
latitude            -0.0076      0.039     -0.194      0.846      -0.084       0.069
longitude            0.0437      0.046      0.956      0.339      -0.046       0.133
==============================================================================
Omnibus:                    15685.428   Durbin-Watson:                   0.081
Prob(Omnibus):                  0.000   Jarque-Bera (JB):            20687.640
Skew:                           0.528   Prob(JB):                         0.00
Kurtosis:                       3.788   Cond. No.                     8.06e+04
==============================================================================

Notes:
[1] Standard Errors are robust to cluster correlation (CRV1)
[2] The condition number is large, 8.06e+04. This might indicate that there are
strong multicollinearity or other numerical problems.

==========================================================================================
Sri Lanka, model 1
Formula: temperature_2m ~ elevation_m
==========================================================================================
                            OLS Regression Results                            
==============================================================================
Dep. Variable:         temperature_2m   R-squared:                       0.742
Model:                            OLS   Adj. R-squared:                  0.742
Method:                 Least Squares   F-statistic:                     594.4
Date:                Wed, 16 Sep 2026   Prob (F-statistic):           7.20e-21
Time:                        11:36:52   Log-Likelihood:            -1.9713e+05
No. Observations:               85680   AIC:                         3.943e+05
Df Residuals:                   85678   BIC:                         3.943e+05
Df Model:                           1                                         
Covariance Type:              cluster                                         
===============================================================================
                  coef    std err          z      P>|z|      [0.025      0.975]
-------------------------------------------------------------------------------
Intercept      27.9813      0.310     90.166      0.000      27.373      28.590
elevation_m    -0.0052      0.000    -24.380      0.000      -0.006      -0.005
==============================================================================
Omnibus:                     8578.568   Durbin-Watson:                   0.078
Prob(Omnibus):                  0.000   Jarque-Bera (JB):            11390.479
Skew:                           0.859   Prob(JB):                         0.00
Kurtosis:                       3.491   Cond. No.                     1.41e+03
==============================================================================

Notes:
[1] Standard Errors are robust to cluster correlation (CRV1)
[2] The condition number is large, 1.41e+03. This might indicate that there are
strong multicollinearity or other numerical problems.

==========================================================================================
Sri Lanka, model 2
Formula: temperature_2m ~ elevation_m + latitude + longitude
==========================================================================================
                            OLS Regression Results                            
==============================================================================
Dep. Variable:         temperature_2m   R-squared:                       0.776
Model:                            OLS   Adj. R-squared:                  0.776
Method:                 Least Squares   F-statistic:                     1020.
Date:                Wed, 16 Sep 2026   Prob (F-statistic):           1.76e-29
Time:                        11:36:53   Log-Likelihood:            -1.9105e+05
No. Observations:               85680   AIC:                         3.821e+05
Df Residuals:                   85676   BIC:                         3.821e+05
Df Model:                           3                                         
Covariance Type:              cluster                                         
===============================================================================
                  coef    std err          z      P>|z|      [0.025      0.975]
-------------------------------------------------------------------------------
Intercept    -134.8898     23.511     -5.737      0.000    -180.970     -88.809
elevation_m    -0.0053      0.000    -42.571      0.000      -0.006      -0.005
latitude        0.7207      0.150      4.796      0.000       0.426       1.015
longitude       1.9550      0.285      6.852      0.000       1.396       2.514
==============================================================================
Omnibus:                     4596.742   Durbin-Watson:                   0.090
Prob(Omnibus):                  0.000   Jarque-Bera (JB):             5362.232
Skew:                           0.610   Prob(JB):                         0.00
Kurtosis:                       2.889   Cond. No.                     2.14e+05
==============================================================================

Notes:
[1] Standard Errors are robust to cluster correlation (CRV1)
[2] The condition number is large, 2.14e+05. This might indicate that there are
strong multicollinearity or other numerical problems.

==========================================================================================
Sri Lanka, model 3
Formula: temperature_2m ~ elevation_m + latitude + longitude + C(month)
==========================================================================================
                            OLS Regression Results                            
==============================================================================
Dep. Variable:         temperature_2m   R-squared:                       0.778
Model:                            OLS   Adj. R-squared:                  0.778
Method:                 Least Squares   F-statistic:                     926.1
Date:                Wed, 16 Sep 2026   Prob (F-statistic):           9.43e-32
Time:                        11:36:53   Log-Likelihood:            -1.9056e+05
No. Observations:               85680   AIC:                         3.811e+05
Df Residuals:                   85673   BIC:                         3.812e+05
Df Model:                           6                                         
Covariance Type:              cluster                                         
=================================================================================
                    coef    std err          z      P>|z|      [0.025      0.975]
---------------------------------------------------------------------------------
Intercept      -135.0995     23.527     -5.742      0.000    -181.211     -88.988
C(month)[T.6]     0.1288      0.089      1.445      0.148      -0.046       0.304
C(month)[T.7]     0.6068      0.132      4.601      0.000       0.348       0.865
C(month)[T.8]     0.0735      0.154      0.476      0.634      -0.229       0.376
elevation_m      -0.0053      0.000    -42.570      0.000      -0.006      -0.005
latitude          0.7207      0.150      4.796      0.000       0.426       1.015
longitude         1.9550      0.285      6.852      0.000       1.396       2.514
==============================================================================
Omnibus:                     4016.084   Durbin-Watson:                   0.091
Prob(Omnibus):                  0.000   Jarque-Bera (JB):             4548.711
Skew:                           0.557   Prob(JB):                         0.00
Kurtosis:                       2.823   Cond. No.                     2.14e+05
==============================================================================

Notes:
[1] Standard Errors are robust to cluster correlation (CRV1)
[2] The condition number is large, 2.14e+05. This might indicate that there are
strong multicollinearity or other numerical problems.
Starting time-held-out modelling
Fitting Mean baseline
Fitting Linear regression
Fitting Random forest
Fitting Gradient boosting
Fitting XGBoost
Tuning on 40000 rows; 10 candidates × 4 chronological folds
Computing SHAP for 2,000 test rows
Replication completed
